#-----------------------------------------------------------
# Vivado v2018.2 (64-bit)
# SW Build 2258646 on Thu Jun 14 20:03:12 MDT 2018
# IP Build 2256618 on Thu Jun 14 22:10:49 MDT 2018
# Start of session at: Thu Jan  9 07:16:21 2025
# Process ID: 2304
# Current directory: C:/Users/43lan/Downloads/S1_20_KIM GYURIM_SARAVANAN SWETHA_YOSHIZAKI EICHI_ZHONG SHU_Improvements_Archive.xpr/beatstream_project/beatstream_project.runs/impl_1
# Command line: vivado.exe -log top_module.vdi -applog -product Vivado -messageDb vivado.pb -mode batch -source top_module.tcl -notrace
# Log file: C:/Users/43lan/Downloads/S1_20_KIM GYURIM_SARAVANAN SWETHA_YOSHIZAKI EICHI_ZHONG SHU_Improvements_Archive.xpr/beatstream_project/beatstream_project.runs/impl_1/top_module.vdi
# Journal file: C:/Users/43lan/Downloads/S1_20_KIM GYURIM_SARAVANAN SWETHA_YOSHIZAKI EICHI_ZHONG SHU_Improvements_Archive.xpr/beatstream_project/beatstream_project.runs/impl_1\vivado.jou
#-----------------------------------------------------------
source top_module.tcl -notrace
